mode: set
calculator/backend/internal/calculator/calculator.go:10.2,10.39 1 1
calculator/backend/internal/calculator/calculator.go:11.3,12.1 1 1
calculator/backend/internal/calculator/calculator.go:13.2,13.39 1 1
calculator/backend/internal/calculator/calculator.go:14.3,15.1 1 1
calculator/backend/internal/calculator/calculator.go:17.2,18.9 2 1
calculator/backend/internal/calculator/calculator.go:19.3,20.1 1 1
calculator/backend/internal/calculator/calculator.go:22.2,23.16 2 1
calculator/backend/internal/calculator/calculator.go:24.3,25.1 1 1
calculator/backend/internal/calculator/calculator.go:26.2,26.49 1 1
calculator/backend/internal/calculator/calculator.go:27.3,28.1 1 1
calculator/backend/internal/calculator/calculator.go:29.2,29.20 1 1
calculator/backend/internal/calculator/operations.go:41.2,42.29 2 1
calculator/backend/internal/calculator/operations.go:43.3,44.1 1 1
calculator/backend/internal/calculator/operations.go:45.2,45.41 1 1
calculator/backend/internal/calculator/operations.go:45.43,45.73 1 1
calculator/backend/internal/calculator/operations.go:46.2,46.15 1 1
calculator/backend/internal/calculator/operations.go:51.2,53.1 2 1
calculator/backend/internal/calculator/operations.go:57.2,58.1 1 1
calculator/backend/internal/calculator/operations.go:61.2,62.27 2 1
calculator/backend/internal/calculator/operations.go:63.3,64.1 1 1
calculator/backend/internal/calculator/operations.go:65.2,65.20 1 1
calculator/backend/internal/calculator/operations.go:69.2,70.1 1 1
calculator/backend/internal/calculator/operations.go:73.2,74.27 2 1
calculator/backend/internal/calculator/operations.go:75.3,76.1 1 1
calculator/backend/internal/calculator/operations.go:77.2,77.20 1 1
calculator/backend/internal/calculator/operations.go:81.2,81.12 1 1
calculator/backend/internal/calculator/operations.go:82.3,83.1 1 1
calculator/backend/internal/calculator/operations.go:84.2,85.27 2 1
calculator/backend/internal/calculator/operations.go:86.3,87.1 1 1
calculator/backend/internal/calculator/operations.go:88.2,88.20 1 1
calculator/backend/internal/calculator/operations.go:92.2,92.12 1 1
calculator/backend/internal/calculator/operations.go:93.3,94.1 1 1
calculator/backend/internal/calculator/operations.go:95.2,95.28 1 1
calculator/backend/internal/calculator/operations.go:99.2,100.1 1 1
calculator/backend/internal/calculator/operations.go:103.2,103.11 1 1
calculator/backend/internal/calculator/operations.go:104.3,105.1 1 1
calculator/backend/internal/calculator/operations.go:106.2,106.26 1 1
calculator/backend/internal/calculator/operations.go:110.2,111.1 1 1
calculator/backend/internal/httpapi/handler.go:18.2,21.21 4 1
calculator/backend/internal/httpapi/handler.go:22.3,23.1 1 1
calculator/backend/internal/httpapi/handler.go:24.2,24.12 1 1
calculator/backend/internal/httpapi/handler.go:28.2,28.32 1 1
calculator/backend/internal/httpapi/handler.go:29.3,32.1 3 1
calculator/backend/internal/httpapi/handler.go:33.2,33.64 1 1
calculator/backend/internal/httpapi/handler.go:37.2,38.1 1 1
calculator/backend/internal/httpapi/handler.go:41.2,41.33 1 1
calculator/backend/internal/httpapi/handler.go:42.3,45.1 3 1
calculator/backend/internal/httpapi/handler.go:47.2,48.51 2 1
calculator/backend/internal/httpapi/handler.go:49.3,51.1 2 1
calculator/backend/internal/httpapi/handler.go:53.2,56.1 5 1
calculator/backend/internal/httpapi/handler.go:57.2,58.46 5 1
calculator/backend/internal/httpapi/handler.go:59.3,61.1 2 1
calculator/backend/internal/httpapi/handler.go:62.2,62.52 1 1
calculator/backend/internal/httpapi/handler.go:63.3,65.1 2 1
calculator/backend/internal/httpapi/handler.go:66.2,67.16 2 1
calculator/backend/internal/httpapi/handler.go:68.3,70.1 2 1
calculator/backend/internal/httpapi/handler.go:71.2,72.53 2 1
calculator/backend/internal/httpapi/handler.go:73.3,75.1 2 1
calculator/backend/internal/httpapi/handler.go:76.2,76.75 1 1
calculator/backend/internal/httpapi/handler.go:77.3,79.1 2 1
calculator/backend/internal/httpapi/handler.go:81.2,83.20 3 1
calculator/backend/internal/httpapi/handler.go:84.3,85.1 1 1
calculator/backend/internal/httpapi/handler.go:86.2,87.16 2 1
calculator/backend/internal/httpapi/handler.go:88.3,90.1 2 1
calculator/backend/internal/httpapi/handler.go:91.2,91.66 1 1
calculator/backend/internal/httpapi/handler.go:95.2,96.1 1 1
calculator/backend/internal/httpapi/handler.go:99.2,101.57 3 1
calculator/backend/internal/httpapi/handler.go:102.3,103.1 1 1
calculator/backend/internal/httpapi/validation.go:18.2,19.16 2 1
calculator/backend/internal/httpapi/validation.go:20.3,20.57 1 1
calculator/backend/internal/httpapi/validation.go:22.2,23.65 2 1
calculator/backend/internal/httpapi/validation.go:24.3,24.55 1 1
calculator/backend/internal/httpapi/validation.go:26.2,27.16 2 1
calculator/backend/internal/httpapi/validation.go:28.3,28.59 1 1
calculator/backend/internal/httpapi/validation.go:30.2,30.15 1 1
calculator/backend/internal/httpapi/validation.go:34.2,34.61 1 1
calculator/backend/internal/httpapi/validation.go:35.3,36.1 1 1
calculator/backend/internal/httpapi/validation.go:39.2,39.27 1 1
calculator/backend/internal/httpapi/validation.go:40.3,41.1 1 1
calculator/backend/internal/httpapi/validation.go:42.2,43.17 2 1
calculator/backend/internal/httpapi/validation.go:44.3,45.1 1 1
calculator/backend/internal/httpapi/validation.go:46.2,46.20 1 1
calculator/backend/internal/httpapi/validation.go:47.3,48.1 1 1
calculator/backend/internal/httpapi/validation.go:49.2,49.35 1 1
calculator/backend/internal/httpapi/validation.go:50.3,51.1 1 1
calculator/backend/internal/httpapi/validation.go:52.2,52.36 1 1
calculator/backend/cmd/calculator-api/main.go:17.2,18.16 2 1
calculator/backend/cmd/calculator-api/main.go:19.3,20.1 1 1
calculator/backend/cmd/calculator-api/main.go:22.2,26.1 3 1
calculator/backend/cmd/calculator-api/main.go:27.2,28.88 3 1
calculator/backend/cmd/calculator-api/main.go:29.3,30.1 1 1
calculator/backend/cmd/calculator-api/main.go:34.2,34.18 1 1
calculator/backend/cmd/calculator-api/main.go:35.3,36.1 1 1
calculator/backend/cmd/calculator-api/main.go:37.2,37.62 1 1
